## Run Ended at 2026-06-03 22:55:23 - DEFEAT 💀

- **Floor:** 16 (Act 1)
- **Score:** 112
- **Gold:** 18
- **Final HP:** 0/80

### Relics (4)
Burning Blood, Blue Candle, Potion Belt, Blood Vial

### Deck (18)
Strike_R, Strike_R, Strike_R, Defend_R, Defend_R, Defend_R, Defend_R, Bash, Twin Strike, Headbutt, Rampage, Perfected Strike, Body Slam, Strike_R, Shrug It Off, The Bomb, Feel No Pain, Shockwave

---

## Run Ended at 2026-06-03 23:03:34 - DEFEAT 💀

- **Floor:** 33 (Act 2)
- **Score:** 272
- **Gold:** 23
- **Final HP:** 0/80

### Relics (10)
Burning Blood, Matryoshka, Pen Nib, Black Star, Red Mask, Mummified Hand, Darkstone Periapt, Meat on the Bone, Orichalcum, InkBottle

### Deck (25)
Strike_R, Strike_R, Strike_R, Strike_R, Strike_R, Defend_R, Bash, Second Wind, Perfected Strike, Flame Barrier, Perfected Strike, True Grit, Body Slam, Clothesline, Armaments, Iron Wave, Perfected Strike, Bludgeon, Pommel Strike, Headbutt, Shrug It Off, Feel No Pain, Body Slam, Perfected Strike, Anger

---

## Run Ended at 2026-06-04 00:36:10 - DEFEAT 💀

- **Floor:** 20 (Act 2)
- **Score:** 172
- **Gold:** 231
- **Final HP:** 0/80

### Relics (6)
Burning Blood, Question Card, Brimstone, Thread and Needle, HornCleat, Black Star

### Deck (19)
Strike_R, Strike_R, Strike_R, Strike_R, Strike_R, Defend_R, Defend_R, Defend_R, Defend_R, Bash, Madness, Headbutt, Shrug It Off, Body Slam, Demon Form, Rampage, Heavy Blade, Impervious, Clothesline

---

## Run Ended at 2026-06-04 00:46:26 - DEFEAT 💀

- **Floor:** 34 (Act 2)
- **Score:** 264
- **Gold:** 52
- **Final HP:** 0/80

### Relics (10)
Burning Blood, InkBottle, Charon's Ashes, Magic Flower, Calling Bell, CeramicFish, White Beast Statue, Thread and Needle, StrikeDummy, Calipers

### Deck (26)
Strike_R, Strike_R, Strike_R, Strike_R, Strike_R, Defend_R, Defend_R, Perfected Strike, Impervious, Clothesline, Shockwave, Corruption, Dropkick, Body Slam, Armaments, Carnage, Immolate, Barricade, CurseOfTheBell, Sentinel, Carnage, Dropkick, Ghostly Armor, Havoc, Dual Wield, Sever Soul

---

## Run Ended at 2026-06-04 00:51:55 - DEFEAT 💀

- **Floor:** 16 (Act 1)
- **Score:** 100
- **Gold:** 43
- **Final HP:** 0/80

### Relics (3)
Burning Blood, Shuriken, Charon's Ashes

### Deck (18)
Strike_R, Strike_R, Strike_R, Strike_R, Strike_R, Defend_R, Defend_R, Defend_R, Bash, Perfected Strike, Sever Soul, Clothesline, Second Wind, Cleave, Uppercut, Body Slam, Parasite, Feed

---

## Run Ended at 2026-06-04 01:08:36 - DEFEAT 💀

- **Floor:** 33 (Act 2)
- **Score:** 300
- **Gold:** 115
- **Final HP:** 0/80

### Relics (11)
Burning Blood, Incense Burner, Oddly Smooth Stone, Bag of Preparation, Art of War, Calling Bell, Lantern, Eternal Feather, Prayer Wheel, White Beast Statue, Toy Ornithopter

### Deck (29)
Strike_R, Strike_R, Strike_R, Strike_R, Strike_R, Defend_R, Defend_R, Bash, Perfected Strike, Flame Barrier, Body Slam, Perfected Strike, Power Through, Pommel Strike, Impervious, CurseOfTheBell, Uppercut, Perfected Strike, Body Slam, Clothesline, Armaments, Perfected Strike, True Grit, Shrug It Off, Whirlwind, Pommel Strike, Whirlwind, Sever Soul, Flex

---

## Run Ended at 2026-06-04 01:12:00 - DEFEAT 💀

- **Floor:** 16 (Act 1)
- **Score:** 107
- **Gold:** 173
- **Final HP:** 0/80

### Relics (6)
Burning Blood, Happy Flower, Golden Idol, Spirit Poop, Boot, Darkstone Periapt

### Deck (17)
Strike_R, Strike_R, Strike_R, Strike_R, Strike_R, Defend_R, Defend_R, Defend_R, Defend_R, Bash, Evolve, Combust, Carnage, Clothesline, Corruption, Sentinel, Carnage

---

## Run Ended at 2026-06-04 01:22:13 - DEFEAT 💀

- **Floor:** 31 (Act 2)
- **Score:** 235
- **Gold:** 413
- **Final HP:** 0/80

### Relics (9)
Burning Blood, Dream Catcher, Boot, Calling Bell, War Paint, Mummified Hand, Magic Flower, Bag of Marbles, Question Card

### Deck (26)
Strike_R, Strike_R, Strike_R, Defend_R, Defend_R, Defend_R, Defend_R, Carnage, Body Slam, Thunderclap, Perfected Strike, Iron Wave, Impervious, Anger, Doubt, Uppercut, Clothesline, Immolate, CurseOfTheBell, Headbutt, Evolve, Second Wind, Sword Boomerang, Wild Strike, Reaper, Wild Strike

---

## Run Ended at 2026-06-04 01:26:12 - DEFEAT 💀

- **Floor:** 16 (Act 1)
- **Score:** 100
- **Gold:** 15
- **Final HP:** 0/80

### Relics (7)
Burning Blood, MawBank, Toolbox, Regal Pillow, The Courier, Oddly Smooth Stone, Frozen Egg 2

### Deck (18)
Strike_R, Strike_R, Strike_R, Strike_R, Strike_R, Defend_R, Defend_R, Defend_R, Demon Form, Perfected Strike, Body Slam, Pommel Strike, Uppercut, Armaments, Bludgeon, Cleave, Twin Strike, Thunderclap

---

## Run Ended at 2026-06-04 01:43:44 - DEFEAT 💀

- **Floor:** 16 (Act 1)
- **Score:** 108
- **Gold:** 33
- **Final HP:** 0/80

### Relics (4)
Burning Blood, MawBank, Bronze Scales, Omamori

### Deck (17)
Strike_R, Strike_R, Strike_R, Defend_R, Defend_R, Defend_R, Defend_R, Bash, Dropkick, Dropkick, Apotheosis, Enlightenment, Pommel Strike, Cleave, Immolate, Sword Boomerang, Feed

---

## Run Ended at 2026-06-04 01:49:41 - DEFEAT 💀

- **Floor:** 25 (Act 2)
- **Score:** 261
- **Gold:** 34
- **Final HP:** 0/77

### Relics (7)
Burning Blood, Anchor, Art of War, Ancient Tea Set, Sozu, MutagenicStrength, Dream Catcher

### Deck (25)
Strike_R, Strike_R, Strike_R, Strike_R, Strike_R, Defend_R, Defend_R, Defend_R, Defend_R, Bash, Headbutt, Cleave, Clothesline, Shrug It Off, Clothesline, Uppercut, Offering, Perfected Strike, Dropkick, Spot Weakness, Limit Break, Evolve, Disarm, Wild Strike, Perfected Strike

---

## Run Ended at 2026-06-04 01:54:10 - DEFEAT 💀

- **Floor:** 16 (Act 1)
- **Score:** 104
- **Gold:** 256
- **Final HP:** 0/80

### Relics (3)
Burning Blood, MawBank, Art of War

### Deck (18)
Strike_R, Strike_R, Strike_R, Strike_R, Defend_R, Defend_R, Defend_R, Bash, Impervious, Perfected Strike, Clothesline, Carnage, Clothesline, Body Slam, Thunderclap, Demon Form, Cleave, Sword Boomerang

---

## Run Ended at 2026-06-04 01:54:45 - DEFEAT 💀

- **Floor:** 5 (Act 1)
- **Score:** 27
- **Gold:** 37
- **Final HP:** 75/80

### Relics (1)
Burning Blood

### Deck (11)
Strike_R, Strike_R, Strike_R, Strike_R, Strike_R, Defend_R, Defend_R, Defend_R, Bash, Armaments, Iron Wave

---

## Run Ended at 2026-06-04 01:59:53 - DEFEAT 💀

- **Floor:** 16 (Act 1)
- **Score:** 102
- **Gold:** 75
- **Final HP:** 0/80

### Relics (6)
Burning Blood, NeowsBlessing, Red Skull, Matryoshka, CeramicFish, Question Card

### Deck (18)
Strike_R, Strike_R, Strike_R, Strike_R, Defend_R, Defend_R, Defend_R, Defend_R, Bash, Strike_R, Sever Soul, Perfected Strike, Combust, Rampage, Shrug It Off, Armaments, Shockwave, Perfected Strike

---

## Run Ended at 2026-06-04 02:05:45 - DEFEAT 💀

- **Floor:** 18 (Act 2)
- **Score:** 168
- **Gold:** 300
- **Final HP:** 0/80

### Relics (7)
Burning Blood, Lantern, Golden Idol, War Paint, Happy Flower, Unceasing Top, Empty Cage

### Deck (16)
Strike_R, Strike_R, Strike_R, Strike_R, Strike_R, Defend_R, Defend_R, Defend_R, Bash, True Grit, Perfected Strike, Uppercut, Clothesline, Bludgeon, Power Through, Headbutt

---

## Run Ended at 2026-06-04 02:14:55 - DEFEAT 💀

- **Floor:** 16 (Act 1)
- **Score:** 116
- **Gold:** 33
- **Final HP:** 0/80

### Relics (6)
Burning Blood, War Paint, The Courier, Paper Frog, Omamori, Whetstone

### Deck (21)
Strike_R, Strike_R, Strike_R, Strike_R, Strike_R, Defend_R, Defend_R, Defend_R, Bash, Sever Soul, Armaments, Cleave, True Grit, Sentinel, Body Slam, Body Slam, Pommel Strike, Second Wind, Anger, Iron Wave, Body Slam## Run Ended at 2026-06-04 02:47:04 - DEFEAT 💀

- **Floor:** 7 (Act 1)
- **Score:** 41
- **Gold:** 329
- **Final HP:** 0/80

### Relics (1)
Burning Blood

### Deck (13)
Strike_R, Strike_R, Strike_R, Strike_R, Defend_R, Defend_R, Defend_R, Defend_R, Bash, Ghostly Armor, Doubt, Armaments, Sword Boomerang

---

## Run Ended at 2026-06-04 02:55:10 - DEFEAT 💀

- **Floor:** 33 (Act 2)
- **Score:** 253
- **Gold:** 51
- **Final HP:** 0/93

### Relics (7)
Burning Blood, Red Skull, Nunchaku, Runic Pyramid, Bag of Marbles, War Paint, Dream Catcher

### Deck (26)
Strike_R, Strike_R, Defend_R, Defend_R, Defend_R, Defend_R, Bash, Cleave, Headbutt, True Grit, Dark Embrace, Bludgeon, Clothesline, Whirlwind, Heavy Blade, Feel No Pain, Demon Form, Dropkick, Body Slam, Seeing Red, Ghostly Armor, Barricade, Iron Wave, Sentinel, Feel No Pain, Rampage

---

## Run Ended at 2026-06-04 03:07:25 - DEFEAT 💀

- **Floor:** 11 (Act 1)
- **Score:** 73
- **Gold:** 152
- **Final HP:** 0/85

### Relics (3)
Burning Blood, Mummified Hand, Girya

### Deck (14)
Strike_R, Strike_R, Strike_R, Strike_R, Defend_R, Defend_R, Defend_R, Bash, Armaments, Iron Wave, Headbutt, Thunderclap, Armaments, Seeing Red

---

## Run Ended at 2026-06-04 03:11:45 - DEFEAT 💀

- **Floor:** 16 (Act 1)
- **Score:** 135
- **Gold:** 147
- **Final HP:** 0/88

### Relics (5)
Burning Blood, Centennial Puzzle, Smiling Mask, MealTicket, Juzu Bracelet

### Deck (16)
Strike_R, Strike_R, Strike_R, Defend_R, Defend_R, Defend_R, Defend_R, Bash, Headbutt, Iron Wave, Iron Wave, Clothesline, Immolate, Strike_R, Shockwave, Body Slam

---

## Run Ended at 2026-06-04 03:18:32 - DEFEAT 💀

- **Floor:** 27 (Act 2)
- **Score:** 251
- **Gold:** 139
- **Final HP:** 0/80

### Relics (9)
Burning Blood, Red Skull, War Paint, Smiling Mask, PreservedInsect, Empty Cage, Juzu Bracelet, Question Card, Self Forming Clay

### Deck (21)
Defend_R, Defend_R, Defend_R, Bash, Berserk, Clash, Clothesline, Clash, Second Wind, Perfected Strike, Feel No Pain, Heavy Blade, Twin Strike, Dual Wield, Cleave, Bludgeon, Pommel Strike, Flex, Offering, Uppercut, Whirlwind

---

